// Jest Snapshot v1, https://goo.gl/fbAQLP

exports[`enzyme.shallow 1`] = `
<img
  alt="Profile Picture"
  data-css-iqk43n=""
  src="../../assets/profile.jpg"
/>
`;
